# serializer version: 1
# name: test_marker_position_truth_table[marker_positions]
  '''
  10232 shapes, 32 distinct outcomes
  
     24  rewritten: dropped_f020, heading_markers, remap_f020, total_changes
           e.g. '#\uf0a1\uf020= 2x\uf020' -> '# = 2x'  {'dropped_f020': 1, 'heading_markers': 1, 'remap_f020': 1, 'total_changes': 3}
    120  rewritten: dropped_f020, heading_markers, total_changes
           e.g. '#\uf0a1\t\uf020' -> '# '  {'dropped_f020': 1, 'heading_markers': 1, 'total_changes': 2}
     48  rewritten: dropped_f020, line_leading_dot_deferred, remap_f020, total_changes
           e.g. '\uf0b7\uf020= 2x\uf020' -> '\uf0b7 = 2x'  {'dropped_f020': 1, 'line_leading_dot_deferred': 1, 'remap_f020': 1, 'total_changes': 2}
    324  rewritten: dropped_f020, line_leading_dot_deferred, total_changes
           e.g. '\uf0b7\uf020' -> '\uf0b7'  {'dropped_f020': 1, 'line_leading_dot_deferred': 1, 'total_changes': 1}
     24  rewritten: dropped_f020, line_leading_marker_deferred, remap_f020, total_changes
           e.g. '\t\uf0a1\uf020= 2x\uf020' -> '\t\uf0a1 = 2x'  {'dropped_f020': 1, 'line_leading_marker_deferred': 1, 'remap_f020': 1, 'total_changes': 2}
    204  rewritten: dropped_f020, line_leading_marker_deferred, total_changes
           e.g. '\uf0a1\uf020' -> '\uf0a1'  {'dropped_f020': 1, 'line_leading_marker_deferred': 1, 'total_changes': 1}
     24  rewritten: dropped_f020, list_markers, remap_f020, total_changes
           e.g. '\uf0a1\uf020= 2x\uf020' -> '- = 2x'  {'dropped_f020': 1, 'list_markers': 1, 'remap_f020': 1, 'total_changes': 3}
    120  rewritten: dropped_f020, list_markers, total_changes
           e.g. '\uf0a1\t\uf020' -> '- '  {'dropped_f020': 1, 'list_markers': 1, 'total_changes': 2}
    240  rewritten: dropped_f020, remap_f020, remap_f0b7, total_changes
           e.g. '#\uf0b7\uf020= 2x\uf020' -> '#· = 2x'  {'dropped_f020': 1, 'remap_f020': 1, 'remap_f0b7': 1, 'total_changes': 3}
    216  rewritten: dropped_f020, remap_f020, stray_markers, total_changes
           e.g. '\t#\uf0a1\uf020= 2x\uf020' -> '\t# = 2x'  {'dropped_f020': 1, 'remap_f020': 1, 'stray_markers': 1, 'total_changes': 3}
   1620  rewritten: dropped_f020, remap_f0b7, total_changes
           e.g. '#\uf0b7\uf020' -> '#·'  {'dropped_f020': 1, 'remap_f0b7': 1, 'total_changes': 2}
   1206  rewritten: dropped_f020, stray_markers, total_changes
           e.g. '* \uf0a1\uf020' -> '* '  {'dropped_f020': 1, 'stray_markers': 1, 'total_changes': 2}
    294  rewritten: dropped_f020, stray_unhandled, total_changes
           e.g. '#\uf0a1\uf020' -> '#\uf0a1'  {'dropped_f020': 1, 'stray_unhandled': 1, 'total_changes': 1}
     36  rewritten: heading_markers, remap_f020, total_changes
           e.g. '#\uf0a1\uf020= 2x' -> '# = 2x'  {'heading_markers': 1, 'remap_f020': 1, 'total_changes': 2}
     24  rewritten: heading_markers, stray_markers, total_changes
           e.g. '#\uf0a1\t\uf0a1' -> '# '  {'heading_markers': 1, 'stray_markers': 1, 'total_changes': 2}
    150  rewritten: heading_markers, total_changes
           e.g. '#\uf0a1\t' -> '# '  {'heading_markers': 1, 'total_changes': 1}
     72  rewritten: line_leading_dot_deferred, remap_f020, total_changes
           e.g. '\uf0b7\uf020= 2x' -> '\uf0b7 = 2x'  {'line_leading_dot_deferred': 1, 'remap_f020': 1, 'total_changes': 1}
     80  rewritten: line_leading_dot_deferred, remap_f0b7, total_changes
           e.g. '\uf0b7\uf0b7' -> '\uf0b7·'  {'line_leading_dot_deferred': 1, 'remap_f0b7': 1, 'total_changes': 1}
     36  rewritten: line_leading_marker_deferred, remap_f020, total_changes
           e.g. '\t\uf0a1\uf020= 2x' -> '\t\uf0a1 = 2x'  {'line_leading_marker_deferred': 1, 'remap_f020': 1, 'total_changes': 1}
     22  rewritten: line_leading_marker_deferred, stray_markers, total_changes
           e.g. '\uf0a1\uf0a1 ' -> '\uf0a1 '  {'line_leading_marker_deferred': 1, 'stray_markers': 1, 'total_changes': 1}
     36  rewritten: list_markers, remap_f020, total_changes
           e.g. '\uf0a1\uf020= 2x' -> '- = 2x'  {'list_markers': 1, 'remap_f020': 1, 'total_changes': 2}
     48  rewritten: list_markers, stray_markers, total_changes
           e.g. '\uf0a1\t\uf0a1' -> '- '  {'list_markers': 1, 'stray_markers': 1, 'total_changes': 2}
    150  rewritten: list_markers, total_changes
           e.g. '\uf0a1\t' -> '- '  {'list_markers': 1, 'total_changes': 1}
    360  rewritten: remap_f020, remap_f0b7, total_changes
           e.g. '#\uf0b7\uf020= 2x' -> '#· = 2x'  {'remap_f020': 1, 'remap_f0b7': 1, 'total_changes': 2}
    324  rewritten: remap_f020, stray_markers, total_changes
           e.g. '\t#\uf0a1\uf020= 2x' -> '\t# = 2x'  {'remap_f020': 1, 'stray_markers': 1, 'total_changes': 2}
   1988  rewritten: remap_f0b7, total_changes
           e.g. '#\uf0b7' -> '#·'  {'remap_f0b7': 1, 'total_changes': 1}
      7  rewritten: stray_markers, stray_unhandled, total_changes
           e.g. '#\uf0a1\uf0a1 ' -> '#\uf0a1 '  {'stray_markers': 1, 'stray_unhandled': 1, 'total_changes': 1}
   1506  rewritten: stray_markers, total_changes
           e.g. '* \uf0a1' -> '* '  {'stray_markers': 1, 'total_changes': 1}
    384  unchanged: line_leading_dot_deferred
           e.g. '\uf0b7' -> '\uf0b7'  {'line_leading_dot_deferred': 1}
    234  unchanged: line_leading_marker_deferred
           e.g. '\uf0a1' -> '\uf0a1'  {'line_leading_marker_deferred': 1}
     10  unchanged: line_leading_marker_deferred, stray_unhandled
           e.g. '\uf0a1\uf0a1' -> '\uf0a1\uf0a1'  {'line_leading_marker_deferred': 1, 'stray_unhandled': 1}
    301  unchanged: stray_unhandled
           e.g. '#\uf0a1' -> '#\uf0a1'  {'stray_unhandled': 1}
  
  sha256 of the full table: 10b0b31505ff50b7140dcf2e4af0fb042f3aabc94207103fc47fd8333e747957
  '''
# ---
