# serializer version: 1
# name: test_marker_position_truth_table[marker_positions]
  '''
  20748 shapes, 38 distinct outcomes
  
     24  rewritten: dropped_f020, heading_markers, remap_f020, total_changes
           e.g. '#\uf0a1\uf020item\uf020' -> '# item'  {'dropped_f020': 1, 'heading_markers': 1, 'remap_f020': 1, 'total_changes': 3}
    120  rewritten: dropped_f020, heading_markers, total_changes
           e.g. '#\uf0a1\t\uf020' -> '# '  {'dropped_f020': 1, 'heading_markers': 1, 'total_changes': 2}
     84  rewritten: dropped_f020, line_leading_dot_deferred, remap_f020, total_changes
           e.g. '\uf0b7\uf020= 2x\uf020' -> '\uf0b7 = 2x'  {'dropped_f020': 1, 'line_leading_dot_deferred': 1, 'remap_f020': 1, 'total_changes': 2}
    456  rewritten: dropped_f020, line_leading_dot_deferred, total_changes
           e.g. '\uf0b7\uf020' -> '\uf0b7'  {'dropped_f020': 1, 'line_leading_dot_deferred': 1, 'total_changes': 1}
    180  rewritten: dropped_f020, line_leading_marker_deferred, remap_f020, total_changes
           e.g. '\uf077\uf020= 2x\uf020' -> '\uf077 = 2x'  {'dropped_f020': 1, 'line_leading_marker_deferred': 1, 'remap_f020': 1, 'total_changes': 2}
   1056  rewritten: dropped_f020, line_leading_marker_deferred, total_changes
           e.g. '\uf077\uf020' -> '\uf077'  {'dropped_f020': 1, 'line_leading_marker_deferred': 1, 'total_changes': 1}
     48  rewritten: dropped_f020, list_markers, remap_f020, total_changes
           e.g. '\uf077\uf020item\uf020' -> '- item'  {'dropped_f020': 1, 'list_markers': 1, 'remap_f020': 1, 'total_changes': 3}
    240  rewritten: dropped_f020, list_markers, total_changes
           e.g. '\uf077\t\uf020' -> '- '  {'dropped_f020': 1, 'list_markers': 1, 'total_changes': 2}
    288  rewritten: dropped_f020, marker_no_reading, remap_f020, total_changes
           e.g. '#*\uf077\uf020= 2x\uf020' -> '#*\uf077 = 2x'  {'dropped_f020': 1, 'marker_no_reading': 1, 'remap_f020': 1, 'total_changes': 2}
   1680  rewritten: dropped_f020, marker_no_reading, total_changes
           e.g. '#*\uf077\uf020' -> '#*\uf077'  {'dropped_f020': 1, 'marker_no_reading': 1, 'total_changes': 1}
    348  rewritten: dropped_f020, remap_f020, remap_f0b7, total_changes
           e.g. '#\uf0b7\uf020item\uf020' -> '#· item'  {'dropped_f020': 1, 'remap_f020': 1, 'remap_f0b7': 1, 'total_changes': 3}
    324  rewritten: dropped_f020, remap_f020, stray_markers, total_changes
           e.g. '\t#\uf0a1\uf020= 2x\uf020' -> '\t# = 2x'  {'dropped_f020': 1, 'remap_f020': 1, 'stray_markers': 1, 'total_changes': 3}
   2064  rewritten: dropped_f020, remap_f0b7, total_changes
           e.g. '#\uf0b7\uf020' -> '#·'  {'dropped_f020': 1, 'remap_f0b7': 1, 'total_changes': 2}
   1566  rewritten: dropped_f020, stray_markers, total_changes
           e.g. '* \uf0a1\uf020' -> '* '  {'dropped_f020': 1, 'stray_markers': 1, 'total_changes': 2}
    378  rewritten: dropped_f020, stray_unhandled, total_changes
           e.g. '#\uf0a1\uf020' -> '#\uf0a1'  {'dropped_f020': 1, 'stray_unhandled': 1, 'total_changes': 1}
     36  rewritten: heading_markers, remap_f020, total_changes
           e.g. '#\uf0a1\uf020item' -> '# item'  {'heading_markers': 1, 'remap_f020': 1, 'total_changes': 2}
     24  rewritten: heading_markers, stray_markers, total_changes
           e.g. '#\uf0a1\t\uf0a1' -> '# '  {'heading_markers': 1, 'stray_markers': 1, 'total_changes': 2}
    150  rewritten: heading_markers, total_changes
           e.g. '#\uf0a1\t' -> '# '  {'heading_markers': 1, 'total_changes': 1}
    126  rewritten: line_leading_dot_deferred, remap_f020, total_changes
           e.g. '\uf0b7\uf020= 2x' -> '\uf0b7 = 2x'  {'line_leading_dot_deferred': 1, 'remap_f020': 1, 'total_changes': 1}
     80  rewritten: line_leading_dot_deferred, remap_f0b7, total_changes
           e.g. '\uf0b7\uf0b7' -> '\uf0b7·'  {'line_leading_dot_deferred': 1, 'remap_f0b7': 1, 'total_changes': 1}
    270  rewritten: line_leading_marker_deferred, remap_f020, total_changes
           e.g. '\uf077\uf020= 2x' -> '\uf077 = 2x'  {'line_leading_marker_deferred': 1, 'remap_f020': 1, 'total_changes': 1}
     22  rewritten: line_leading_marker_deferred, stray_markers, total_changes
           e.g. '\uf0a1\uf0a1 ' -> '\uf0a1 '  {'line_leading_marker_deferred': 1, 'stray_markers': 1, 'total_changes': 1}
     48  rewritten: list_markers, marker_no_reading, total_changes
           e.g. '\uf077\t\uf077' -> '- \uf077'  {'list_markers': 1, 'marker_no_reading': 1, 'total_changes': 1}
     72  rewritten: list_markers, remap_f020, total_changes
           e.g. '\uf077\uf020item' -> '- item'  {'list_markers': 1, 'remap_f020': 1, 'total_changes': 2}
     48  rewritten: list_markers, stray_markers, total_changes
           e.g. '\uf0a1\t\uf0a1' -> '- '  {'list_markers': 1, 'stray_markers': 1, 'total_changes': 2}
    300  rewritten: list_markers, total_changes
           e.g. '\uf077\t' -> '- '  {'list_markers': 1, 'total_changes': 1}
    432  rewritten: marker_no_reading, remap_f020, total_changes
           e.g. '#*\uf077\uf020= 2x' -> '#*\uf077 = 2x'  {'marker_no_reading': 1, 'remap_f020': 1, 'total_changes': 1}
    522  rewritten: remap_f020, remap_f0b7, total_changes
           e.g. '#\uf0b7\uf020item' -> '#· item'  {'remap_f020': 1, 'remap_f0b7': 1, 'total_changes': 2}
    486  rewritten: remap_f020, stray_markers, total_changes
           e.g. '\t#\uf0a1\uf020= 2x' -> '\t# = 2x'  {'remap_f020': 1, 'stray_markers': 1, 'total_changes': 2}
   2654  rewritten: remap_f0b7, total_changes
           e.g. '#\uf0b7' -> '#·'  {'remap_f0b7': 1, 'total_changes': 1}
      7  rewritten: stray_markers, stray_unhandled, total_changes
           e.g. '#\uf0a1\uf0a1 ' -> '#\uf0a1 '  {'stray_markers': 1, 'stray_unhandled': 1, 'total_changes': 1}
   2046  rewritten: stray_markers, total_changes
           e.g. '* \uf0a1' -> '* '  {'stray_markers': 1, 'total_changes': 1}
    582  unchanged: line_leading_dot_deferred
           e.g. '\uf0b7' -> '\uf0b7'  {'line_leading_dot_deferred': 1}
   1338  unchanged: line_leading_marker_deferred
           e.g. '\uf077' -> '\uf077'  {'line_leading_marker_deferred': 1}
     64  unchanged: line_leading_marker_deferred, marker_no_reading
           e.g. '\uf077\uf077' -> '\uf077\uf077'  {'line_leading_marker_deferred': 1, 'marker_no_reading': 1}
     10  unchanged: line_leading_marker_deferred, stray_unhandled
           e.g. '\uf0a1\uf0a1' -> '\uf0a1\uf0a1'  {'line_leading_marker_deferred': 1, 'stray_unhandled': 1}
   2148  unchanged: marker_no_reading
           e.g. '#*\uf077' -> '#*\uf077'  {'marker_no_reading': 1}
    427  unchanged: stray_unhandled
           e.g. '#\uf0a1' -> '#\uf0a1'  {'stray_unhandled': 1}
  
  sha256 of the full table: 1245e69ad7826e99ba2e123edba2643a52636eb01ccc951d2ac90fc6ae19cb4e
  '''
# ---
